digraph NFA {
rankdir = LR;
node [shape = point]; init
0 [label="{0}" shape="circle" ]; init -> 0;
1 [label="{0,1}" shape="circle" ];
0 -> 1 [label="1"];
2 [label="{0,1,2}" shape="circle" ];
1 -> 2 [label="1"];
3 [label="{0,1,2,3}" shape="doublecircle" ];
2 -> 3 [label="1"];
3 -> 3 [label="1"];
4 [label="{0,2,3}" shape="doublecircle" ];
3 -> 4 [label="0"];
5 [label="{0,3}" shape="doublecircle" ];
4 -> 5 [label="0"];
5 -> 1 [label="1"];
5 -> 0 [label="0"];
6 [label="{0,1,3}" shape="doublecircle" ];
4 -> 6 [label="1"];
6 -> 2 [label="1"];
7 [label="{0,2}" shape="circle" ];
6 -> 7 [label="0"];
7 -> 5 [label="0"];
7 -> 6 [label="1"];
2 -> 4 [label="0"];
1 -> 7 [label="0"];
0 -> 0 [label="0"];
}
