digraph NFA {
rankdir = LR;
node [shape = point]; init
0 [label="0" shape="circle" ]; init -> 0;
1 [label="1" shape="doublecircle" ];
0 -> 1 [label="a"];
1 -> 1 [label="a"];
2 [label="2" shape="circle" ];
1 -> 2 [label="b"];
0 -> 2 [label="a"];
}
