digraph NFA {
rankdir = LR;
node [shape = point]; init
0 [label="{0}" shape="circle" ]; init -> 0;
1 [label="{0,1}" shape="circle" ];
0 -> 1 [label="a"];
2 [label="{1,2}" shape="doublecircle" ];
1 -> 2 [label="b"];
2 -> 2 [label="b"];
1 -> 1 [label="a"];
}
