digraph NFA {
rankdir = LR;
node [shape = point]; init
0 [label="0" shape="circle" ]; init -> 0;
0 -> 0 [label="{b, a}"];
1 [label="1" shape="doublecircle" ];
0 -> 1 [label="b"];
}
